#
# There is insufficient memory for the Java Runtime Environment to continue.
# Native memory allocation (malloc) failed to allocate 628496 bytes. Error detail: Chunk::new
# Possible reasons:
#   The system is out of physical RAM or swap space
#   This process is running with CompressedOops enabled, and the Java Heap may be blocking the growth of the native heap
# Possible solutions:
#   Reduce memory load on the system
#   Increase physical memory or swap space
#   Check if swap backing store is full
#   Decrease Java heap size (-Xmx/-Xms)
#   Decrease number of Java threads
#   Decrease Java thread stack sizes (-Xss)
#   Set larger code cache with -XX:ReservedCodeCacheSize=
#   JVM is running with Zero Based Compressed Oops mode in which the Java heap is
#     placed in the first 32GB address space. The Java Heap base address is the
#     maximum limit for the native heap growth. Please use -XX:HeapBaseMinAddress
#     to set the Java Heap base and to place the Java Heap above 32GB virtual address.
# This output file may be truncated or incomplete.
#
#  Out of Memory Error (arena.cpp:168), pid=34764, tid=46532
#
# JRE version: OpenJDK Runtime Environment Temurin-21.0.9+10 (21.0.9+10) (build 21.0.9+10-LTS)
# Java VM: OpenJDK 64-Bit Server VM Temurin-21.0.9+10 (21.0.9+10-LTS, mixed mode, sharing, tiered, compressed oops, compressed class ptrs, parallel gc, windows-amd64)
# Core dump will be written. Default location: d:\work\Java\game-server-mmoarpg-lz\hs_err_pid34764.mdmp
#

---------------  S U M M A R Y ------------

Command Line: --add-modules=ALL-SYSTEM --add-opens=java.base/java.util=ALL-UNNAMED --add-opens=java.base/java.lang=ALL-UNNAMED --add-opens=java.base/sun.nio.fs=ALL-UNNAMED -Declipse.application=org.eclipse.jdt.ls.core.id1 -Dosgi.bundles.defaultStartLevel=4 -Declipse.product=org.eclipse.jdt.ls.core.product -Djava.import.generatesMetadataFilesAtProjectRoot=false -DDetectVMInstallationsJob.disabled=true -Dfile.encoding=utf8 -XX:+UseParallelGC -XX:GCTimeRatio=4 -XX:AdaptiveSizePolicyWeight=90 -Dsun.zip.disableMemoryMapping=true -Xmx4G -Xms100m -Xlog:disable -javaagent:c:\Users\Administrator\.vscode\extensions\redhat.java-1.52.0-win32-x64\lombok\lombok-1.18.39-4050.jar -XX:+HeapDumpOnOutOfMemoryError -XX:HeapDumpPath=c:\Users\Administrator\AppData\Roaming\Code\User\workspaceStorage\1200d88fd9cd5f666c3c79f04c4c93d2\redhat.java -Daether.dependencyCollector.impl=bf c:\Users\Administrator\.vscode\extensions\redhat.java-1.52.0-win32-x64\server\plugins\org.eclipse.equinox.launcher_1.7.100.v20251111-0406.jar -configuration c:\Users\Administrator\AppData\Roaming\Code\User\globalStorage\redhat.java\1.52.0\config_win -data c:\Users\Administrator\AppData\Roaming\Code\User\workspaceStorage\1200d88fd9cd5f666c3c79f04c4c93d2\redhat.java\jdt_ws --pipe=\\.\pipe\lsp-1ff68b33a49d51194b703b7fefbe63d2-sock

Host: 13th Gen Intel(R) Core(TM) i7-13700K, 12 cores, 15G,  Windows Server 2022 , 64 bit Build 20348 (10.0.20348.4648)
Time: Sun Feb  8 16:33:13 2026 elapsed time: 38.758600 seconds (0d 0h 0m 38s)

---------------  T H R E A D  ---------------

Current thread (0x0000027be90f63c0):  JavaThread "C2 CompilerThread2" daemon [_thread_in_native, id=46532, stack(0x000000c408200000,0x000000c408300000) (1024K)]


Current CompileTask:
C2:38758 9416       4       org.eclipse.jdt.internal.compiler.parser.Parser::dispatchDeclarationInto (447 bytes)

Stack: [0x000000c408200000,0x000000c408300000]
Native frames: (J=compiled Java code, j=interpreted, Vv=VM code, C=native code)
V  [jvm.dll+0x6d6e29]
V  [jvm.dll+0x8b4b76]
V  [jvm.dll+0x8b712e]
V  [jvm.dll+0x8b7813]
V  [jvm.dll+0x283d86]
V  [jvm.dll+0xc66ed]
V  [jvm.dll+0xc6c31]
V  [jvm.dll+0x3be501]
V  [jvm.dll+0x38ab92]
V  [jvm.dll+0x389fda]
V  [jvm.dll+0x24bfa0]
V  [jvm.dll+0x24b580]
V  [jvm.dll+0x1cb13e]
V  [jvm.dll+0x25b29d]
V  [jvm.dll+0x25982a]
V  [jvm.dll+0x3f7ea6]
V  [jvm.dll+0x85e9ad]
V  [jvm.dll+0x6d565d]
C  [ucrtbase.dll+0x26b4c]
C  [KERNEL32.DLL+0x14cb0]
C  [ntdll.dll+0x7edcb]


---------------  P R O C E S S  ---------------

Threads class SMR info:
_java_thread_list=0x0000027be99ac950, length=54, elements={
0x0000027bcbc86ad0, 0x0000027be7098890, 0x0000027be709a5b0, 0x0000027be90c0080,
0x0000027be90c0d90, 0x0000027be90c37d0, 0x0000027be90c43d0, 0x0000027be90e8780,
0x0000027be90f4f50, 0x0000027be9336080, 0x0000027be944e950, 0x0000027be98653a0,
0x0000027be9b680d0, 0x0000027be98ec0d0, 0x0000027be98eb6d0, 0x0000027bee250120,
0x0000027bee32da40, 0x0000027bee6db8d0, 0x0000027bee09bc30, 0x0000027beeb31170,
0x0000027beeb2f0a0, 0x0000027beeb30450, 0x0000027beeb2fdc0, 0x0000027beeb2f730,
0x0000027beeb31800, 0x0000027beeb30ae0, 0x0000027beeb2e380, 0x0000027beeb2ea10,
0x0000027bf1812fc0, 0x0000027bf180e790, 0x0000027bf18122a0, 0x0000027bf1812930,
0x0000027bf180fb40, 0x0000027bf1813650, 0x0000027bf180c6c0, 0x0000027bf1813ce0,
0x0000027bf1811c10, 0x0000027bf180ee20, 0x0000027bf180cd50, 0x0000027bf18101d0,
0x0000027bf1810860, 0x0000027bf1810ef0, 0x0000027bf180e100, 0x0000027bf180d3e0,
0x0000027bf1811580, 0x0000027bf180da70, 0x0000027bf180f4b0, 0x0000027bf1b97630,
0x0000027bf1b96280, 0x0000027bf1b906a0, 0x0000027bf1b97cc0, 0x0000027bf1b95560,
0x0000027be90f5620, 0x0000027be90f63c0
}

Java Threads: ( => current thread )
  0x0000027bcbc86ad0 JavaThread "Java Platform, Standard Edition 22"
[error occurred during error reporting (printing all threads), id 0xc0000005, EXCEPTION_ACCESS_VIOLATION (0xc0000005) at pc=0x00007ff8bf2e043d]
VM state: at safepoint (normal execution)

VM Mutex/Monitor currently owned by a thread:  ([mutex/lock_event])
[0x00007ff8bfbad570] Threads_lock - owner thread: 0x0000027be70842e0
[0x00007ff8bfbad670] Heap_lock - owner thread: 0x0000027bf1b95560

Heap address: 0x0000000700000000, size: 4096 MB, Compressed Oops mode: Zero based, Oop shift amount: 3

CDS archive(s) mapped at: [0x0000027b80000000-0x0000027b80ba0000-0x0000027b80ba0000), size 12189696, SharedBaseAddress: 0x0000027b80000000, ArchiveRelocationMode: 1.
Compressed class space mapped at: 0x0000027b81000000-0x0000027bc1000000, reserved size: 1073741824
Narrow klass base: 0x0000027b80000000, Narrow klass shift: 0, Narrow klass range: 0x100000000

GC Precious Log:
 CardTable entry size: 512
 CPUs: 12 total, 12 available
 Memory: 16383M
 Large Page Support: Disabled
 NUMA Support: Disabled
 Compressed Oops: Enabled (Zero based)
 Alignments: Space 512K, Generation 512K, Heap 2M
 Heap Min Capacity: 100M
 Heap Initial Capacity: 100M
 Heap Max Capacity: 4G
 Pre-touch: Disabled
 Parallel Workers: 10

Heap:
 PSYoungGen      total 27136K, used 26396K [0x00000007aab00000, 0x00000007ad000000, 0x0000000800000000)
  eden space 17408K, 96% used [0x00000007aab00000,0x00000007abb74d08,0x00000007abc00000)
  from space 9728K, 98% used [0x00000007abf00000,0x00000007ac852448,0x00000007ac880000)
  to   space 7680K, 90% used [0x00000007ac880000,0x00000007acf50020,0x00000007ad000000)
 ParOldGen       total 634368K, used 634362K [0x0000000700000000, 0x0000000726b80000, 0x00000007aab00000)
  object space 634368K, 99% used [0x0000000700000000,0x0000000726b7e8f8,0x0000000726b80000)
 Metaspace       used 56591K, committed 58048K, reserved 1114112K
  class space    used 6118K, committed 6784K, reserved 1048576K

Card table byte_map: [0x0000027bdde90000,0x0000027bde6a0000] _byte_map_base: 0x0000027bda690000

Marking Bits: (ParMarkBitMap*) 0x00007ff8bfbb2460
 Begin Bits: [0x0000027bde6a0000, 0x0000027be26a0000)
 End Bits:   [0x0000027be26a0000, 0x0000027be66a0000)

Polling page: 0x0000027bc9c30000

Metaspace:

Usage:
  Non-class:     49.29 MB used.
      Class:      5.97 MB used.
       Both:     55.27 MB used.

Virtual space:
  Non-class space:       64.00 MB reserved,      50.06 MB ( 78%) committed,  1 nodes.
      Class space:        1.00 GB reserved,       6.62 MB ( <1%) committed,  1 nodes.
             Both:        1.06 GB reserved,      56.69 MB (  5%) committed. 

Chunk freelists:
   Non-Class:  13.77 MB
       Class:  9.33 MB
        Both:  23.09 MB

MaxMetaspaceSize: unlimited
CompressedClassSpaceSize: 1.00 GB
Initial GC threshold: 21.00 MB
Current GC threshold: 58.38 MB
CDS: on
 - commit_granule_bytes: 65536.
 - commit_granule_words: 8192.
 - virtual_space_node_default_size: 8388608.
 - enlarge_chunks_in_place: 1.
 - use_allocation_guard: 0.


Internal statistics:

num_allocs_failed_limit: 6.
num_arena_births: 1216.
num_arena_deaths: 14.
num_vsnodes_births: 2.
num_vsnodes_deaths: 0.
num_space_committed: 906.
num_space_uncommitted: 0.
num_chunks_returned_to_freelist: 20.
num_chunks_taken_from_freelist: 3996.
num_chunk_merges: 8.
num_chunk_splits: 2419.
num_chunks_enlarged: 1246.
num_inconsistent_stats: 0.

CodeHeap 'non-profiled nmethods': size=120000Kb used=6123Kb max_used=6210Kb free=113876Kb
 bounds [0x0000027bd6960000, 0x0000027bd6f80000, 0x0000027bdde90000]
CodeHeap 'profiled nmethods': size=120000Kb used=17449Kb max_used=18016Kb free=102550Kb
 bounds [0x0000027bcee90000, 0x0000027bd0030000, 0x0000027bd63c0000]
CodeHeap 'non-nmethods': size=5760Kb used=1407Kb max_used=1487Kb free=4352Kb
 bounds [0x0000027bd63c0000, 0x0000027bd6630000, 0x0000027bd6960000]
CodeCache: size=245760Kb, used=24979Kb, max_used=25713Kb, free=220778Kb
 total_blobs=8985, nmethods=8270, adapters=621, full_count=0
Compilation: enabled, stopped_count=0, restarted_count=0

Compilation events (20 events):
Event: 38.626 Thread 0x0000027be90f4f50 9427       3       org.eclipse.jdt.internal.compiler.parser.Parser::consumeClassHeader (55 bytes)
Event: 38.627 Thread 0x0000027be90f4f50 nmethod 9427 0x0000027bd001b010 code [0x0000027bd001b1c0, 0x0000027bd001b4a8]
Event: 38.630 Thread 0x0000027be90f4f50 9428       2       org.eclipse.jdt.internal.compiler.SourceElementParser::consumeSingleMemberAnnotation (83 bytes)
Event: 38.631 Thread 0x0000027be90f4f50 nmethod 9428 0x0000027bd001b610 code [0x0000027bd001b800, 0x0000027bd001baf0]
Event: 38.632 Thread 0x0000027be90f4f50 9429       2       org.eclipse.jdt.internal.compiler.parser.Parser::consumeSingleMemberAnnotation (150 bytes)
Event: 38.633 Thread 0x0000027be90f4f50 nmethod 9429 0x0000027bd001bd10 code [0x0000027bd001bf00, 0x0000027bd001c420]
Event: 38.633 Thread 0x0000027be90f4f50 9430       2       org.eclipse.jdt.internal.compiler.ast.SingleMemberAnnotation::<init> (23 bytes)
Event: 38.633 Thread 0x0000027be90f4f50 nmethod 9430 0x0000027bd001c710 code [0x0000027bd001c8a0, 0x0000027bd001ca18]
Event: 38.633 Thread 0x0000027be90f63c0 nmethod 9406 0x0000027bd6f67710 code [0x0000027bd6f67be0, 0x0000027bd6f6a290]
Event: 38.645 Thread 0x0000027be90f63c0 9416       4       org.eclipse.jdt.internal.compiler.parser.Parser::dispatchDeclarationInto (447 bytes)
Event: 38.652 Thread 0x0000027be90f5620 nmethod 9424 0x0000027bd6f6bb10 code [0x0000027bd6f6bd20, 0x0000027bd6f6c760]
Event: 38.652 Thread 0x0000027be90f5620 9422       4       lombok.eclipse.agent.PatchVal::matches (44 bytes)
Event: 38.654 Thread 0x0000027be90f5620 nmethod 9422 0x0000027bd6f6cc10 code [0x0000027bd6f6cda0, 0x0000027bd6f6cf08]
Event: 38.654 Thread 0x0000027be90f5620 9421       4       lombok.eclipse.agent.PatchVal::couldBe (291 bytes)
Event: 38.657 Thread 0x0000027be90f4f50 9431       3       org.eclipse.jdt.internal.compiler.parser.Parser::annotateTypeReference (145 bytes)
Event: 38.659 Thread 0x0000027be90f4f50 nmethod 9431 0x0000027bd001cb10 code [0x0000027bd001cd00, 0x0000027bd001d438]
Event: 38.686 Thread 0x0000027be90f4f50 9434   !   3       org.eclipse.jdt.internal.compiler.parser.Scanner::jumpOverMethodBody (2550 bytes)
Event: 38.720 Thread 0x0000027be90e8780 nmethod 9420 0x0000027bd6f6d110 code [0x0000027bd6f6d420, 0x0000027bd6f6f258]
Event: 38.730 Thread 0x0000027be90f4f50 nmethod 9434 0x0000027bd001d790 code [0x0000027bd001e0e0, 0x0000027bd0024a08]
Event: 38.746 Thread 0x0000027be90e8780 9436       4       org.eclipse.jdt.internal.compiler.parser.Scanner::scanEscapeCharacter (411 bytes)

GC Heap History (20 events):
Event: 36.605 GC heap after
{Heap after GC invocations=170 (full 2):
 PSYoungGen      total 32768K, used 7296K [0x00000007aab00000, 0x00000007ae480000, 0x0000000800000000)
  eden space 25088K, 0% used [0x00000007aab00000,0x00000007aab00000,0x00000007ac380000)
  from space 7680K, 95% used [0x00000007add00000,0x00000007ae420000,0x00000007ae480000)
  to   space 13312K, 0% used [0x00000007aca80000,0x00000007aca80000,0x00000007ad780000)
 ParOldGen       total 422400K, used 421757K [0x0000000700000000, 0x0000000719c80000, 0x00000007aab00000)
  object space 422400K, 99% used [0x0000000700000000,0x0000000719bdf578,0x0000000719c80000)
 Metaspace       used 56153K, committed 57600K, reserved 1114112K
  class space    used 6066K, committed 6720K, reserved 1048576K
}
Event: 36.681 GC heap before
{Heap before GC invocations=171 (full 2):
 PSYoungGen      total 32768K, used 32384K [0x00000007aab00000, 0x00000007ae480000, 0x0000000800000000)
  eden space 25088K, 100% used [0x00000007aab00000,0x00000007ac380000,0x00000007ac380000)
  from space 7680K, 95% used [0x00000007add00000,0x00000007ae420000,0x00000007ae480000)
  to   space 13312K, 0% used [0x00000007aca80000,0x00000007aca80000,0x00000007ad780000)
 ParOldGen       total 422400K, used 421757K [0x0000000700000000, 0x0000000719c80000, 0x00000007aab00000)
  object space 422400K, 99% used [0x0000000700000000,0x0000000719bdf578,0x0000000719c80000)
 Metaspace       used 56154K, committed 57600K, reserved 1114112K
  class space    used 6066K, committed 6720K, reserved 1048576K
}
Event: 36.709 GC heap after
{Heap after GC invocations=171 (full 2):
 PSYoungGen      total 35840K, used 11232K [0x00000007aab00000, 0x00000007add80000, 0x0000000800000000)
  eden space 24576K, 0% used [0x00000007aab00000,0x00000007aab00000,0x00000007ac300000)
  from space 11264K, 99% used [0x00000007aca80000,0x00000007ad578010,0x00000007ad580000)
  to   space 8192K, 0% used [0x00000007ad580000,0x00000007ad580000,0x00000007add80000)
 ParOldGen       total 437248K, used 437101K [0x0000000700000000, 0x000000071ab00000, 0x00000007aab00000)
  object space 437248K, 99% used [0x0000000700000000,0x000000071aadb588,0x000000071ab00000)
 Metaspace       used 56154K, committed 57600K, reserved 1114112K
  class space    used 6066K, committed 6720K, reserved 1048576K
}
Event: 36.796 GC heap before
{Heap before GC invocations=172 (full 2):
 PSYoungGen      total 35840K, used 35808K [0x00000007aab00000, 0x00000007add80000, 0x0000000800000000)
  eden space 24576K, 100% used [0x00000007aab00000,0x00000007ac300000,0x00000007ac300000)
  from space 11264K, 99% used [0x00000007aca80000,0x00000007ad578010,0x00000007ad580000)
  to   space 8192K, 0% used [0x00000007ad580000,0x00000007ad580000,0x00000007add80000)
 ParOldGen       total 437248K, used 437101K [0x0000000700000000, 0x000000071ab00000, 0x00000007aab00000)
  object space 437248K, 99% used [0x0000000700000000,0x000000071aadb588,0x000000071ab00000)
 Metaspace       used 56154K, committed 57600K, reserved 1114112K
  class space    used 6066K, committed 6720K, reserved 1048576K
}
Event: 36.820 GC heap after
{Heap after GC invocations=172 (full 2):
 PSYoungGen      total 25600K, used 8192K [0x00000007aab00000, 0x00000007af580000, 0x0000000800000000)
  eden space 17408K, 0% used [0x00000007aab00000,0x00000007aab00000,0x00000007abc00000)
  from space 8192K, 100% used [0x00000007ad580000,0x00000007add80000,0x00000007add80000)
  to   space 26112K, 0% used [0x00000007abc00000,0x00000007abc00000,0x00000007ad580000)
 ParOldGen       total 452608K, used 452294K [0x0000000700000000, 0x000000071ba00000, 0x00000007aab00000)
  object space 452608K, 99% used [0x0000000700000000,0x000000071b9b1888,0x000000071ba00000)
 Metaspace       used 56154K, committed 57600K, reserved 1114112K
  class space    used 6066K, committed 6720K, reserved 1048576K
}
Event: 37.021 GC heap before
{Heap before GC invocations=173 (full 2):
 PSYoungGen      total 25600K, used 25600K [0x00000007aab00000, 0x00000007af580000, 0x0000000800000000)
  eden space 17408K, 100% used [0x00000007aab00000,0x00000007abc00000,0x00000007abc00000)
  from space 8192K, 100% used [0x00000007ad580000,0x00000007add80000,0x00000007add80000)
  to   space 26112K, 0% used [0x00000007abc00000,0x00000007abc00000,0x00000007ad580000)
 ParOldGen       total 452608K, used 452294K [0x0000000700000000, 0x000000071ba00000, 0x00000007aab00000)
  object space 452608K, 99% used [0x0000000700000000,0x000000071b9b1888,0x000000071ba00000)
 Metaspace       used 56154K, committed 57600K, reserved 1114112K
  class space    used 6066K, committed 6720K, reserved 1048576K
}
Event: 37.037 GC heap after
{Heap after GC invocations=173 (full 2):
 PSYoungGen      total 22528K, used 5056K [0x00000007aab00000, 0x00000007ad600000, 0x0000000800000000)
  eden space 17408K, 0% used [0x00000007aab00000,0x00000007aab00000,0x00000007abc00000)
  from space 5120K, 98% used [0x00000007abc00000,0x00000007ac0f0000,0x00000007ac100000)
  to   space 11776K, 0% used [0x00000007aca80000,0x00000007aca80000,0x00000007ad600000)
 ParOldGen       total 460288K, used 459843K [0x0000000700000000, 0x000000071c180000, 0x00000007aab00000)
  object space 460288K, 99% used [0x0000000700000000,0x000000071c110ff0,0x000000071c180000)
 Metaspace       used 56154K, committed 57600K, reserved 1114112K
  class space    used 6066K, committed 6720K, reserved 1048576K
}
Event: 37.204 GC heap before
{Heap before GC invocations=174 (full 2):
 PSYoungGen      total 22528K, used 22464K [0x00000007aab00000, 0x00000007ad600000, 0x0000000800000000)
  eden space 17408K, 100% used [0x00000007aab00000,0x00000007abc00000,0x00000007abc00000)
  from space 5120K, 98% used [0x00000007abc00000,0x00000007ac0f0000,0x00000007ac100000)
  to   space 11776K, 0% used [0x00000007aca80000,0x00000007aca80000,0x00000007ad600000)
 ParOldGen       total 460288K, used 459843K [0x0000000700000000, 0x000000071c180000, 0x00000007aab00000)
  object space 460288K, 99% used [0x0000000700000000,0x000000071c110ff0,0x000000071c180000)
 Metaspace       used 56180K, committed 57664K, reserved 1114112K
  class space    used 6067K, committed 6720K, reserved 1048576K
}
Event: 37.217 GC heap after
{Heap after GC invocations=174 (full 2):
 PSYoungGen      total 23552K, used 5920K [0x00000007aab00000, 0x00000007ad080000, 0x0000000800000000)
  eden space 17408K, 0% used [0x00000007aab00000,0x00000007aab00000,0x00000007abc00000)
  from space 6144K, 96% used [0x00000007aca80000,0x00000007ad048020,0x00000007ad080000)
  to   space 7168K, 0% used [0x00000007ac280000,0x00000007ac280000,0x00000007ac980000)
 ParOldGen       total 464896K, used 464793K [0x0000000700000000, 0x000000071c600000, 0x00000007aab00000)
  object space 464896K, 99% used [0x0000000700000000,0x000000071c5e6758,0x000000071c600000)
 Metaspace       used 56180K, committed 57664K, reserved 1114112K
  class space    used 6067K, committed 6720K, reserved 1048576K
}
Event: 37.455 GC heap before
{Heap before GC invocations=175 (full 2):
 PSYoungGen      total 23552K, used 23328K [0x00000007aab00000, 0x00000007ad080000, 0x0000000800000000)
  eden space 17408K, 100% used [0x00000007aab00000,0x00000007abc00000,0x00000007abc00000)
  from space 6144K, 96% used [0x00000007aca80000,0x00000007ad048020,0x00000007ad080000)
  to   space 7168K, 0% used [0x00000007ac280000,0x00000007ac280000,0x00000007ac980000)
 ParOldGen       total 464896K, used 464793K [0x0000000700000000, 0x000000071c600000, 0x00000007aab00000)
  object space 464896K, 99% used [0x0000000700000000,0x000000071c5e6758,0x000000071c600000)
 Metaspace       used 56184K, committed 57664K, reserved 1114112K
  class space    used 6067K, committed 6720K, reserved 1048576K
}
Event: 37.469 GC heap after
{Heap after GC invocations=175 (full 2):
 PSYoungGen      total 23552K, used 6112K [0x00000007aab00000, 0x00000007acb00000, 0x0000000800000000)
  eden space 17408K, 0% used [0x00000007aab00000,0x00000007aab00000,0x00000007abc00000)
  from space 6144K, 99% used [0x00000007ac280000,0x00000007ac878020,0x00000007ac880000)
  to   space 2560K, 0% used [0x00000007ac880000,0x00000007ac880000,0x00000007acb00000)
 ParOldGen       total 470528K, used 470297K [0x0000000700000000, 0x000000071cb80000, 0x00000007aab00000)
  object space 470528K, 99% used [0x0000000700000000,0x000000071cb46758,0x000000071cb80000)
 Metaspace       used 56184K, committed 57664K, reserved 1114112K
  class space    used 6067K, committed 6720K, reserved 1048576K
}
Event: 38.074 GC heap before
{Heap before GC invocations=176 (full 2):
 PSYoungGen      total 23552K, used 23520K [0x00000007aab00000, 0x00000007acb00000, 0x0000000800000000)
  eden space 17408K, 100% used [0x00000007aab00000,0x00000007abc00000,0x00000007abc00000)
  from space 6144K, 99% used [0x00000007ac280000,0x00000007ac878020,0x00000007ac880000)
  to   space 2560K, 0% used [0x00000007ac880000,0x00000007ac880000,0x00000007acb00000)
 ParOldGen       total 515584K, used 514948K [0x0000000700000000, 0x000000071f780000, 0x00000007aab00000)
  object space 515584K, 99% used [0x0000000700000000,0x000000071f6e1020,0x000000071f780000)
 Metaspace       used 56572K, committed 58048K, reserved 1114112K
  class space    used 6117K, committed 6784K, reserved 1048576K
}
Event: 38.087 GC heap after
{Heap after GC invocations=176 (full 2):
 PSYoungGen      total 19968K, used 2354K [0x00000007aab00000, 0x00000007acb00000, 0x0000000800000000)
  eden space 17408K, 0% used [0x00000007aab00000,0x00000007aab00000,0x00000007abc00000)
  from space 2560K, 91% used [0x00000007ac880000,0x00000007acacc970,0x00000007acb00000)
  to   space 4096K, 0% used [0x00000007ac300000,0x00000007ac300000,0x00000007ac700000)
 ParOldGen       total 521216K, used 520932K [0x0000000700000000, 0x000000071fd00000, 0x00000007aab00000)
  object space 521216K, 99% used [0x0000000700000000,0x000000071fcb9050,0x000000071fd00000)
 Metaspace       used 56572K, committed 58048K, reserved 1114112K
  class space    used 6117K, committed 6784K, reserved 1048576K
}
Event: 38.392 GC heap before
{Heap before GC invocations=177 (full 2):
 PSYoungGen      total 19968K, used 19762K [0x00000007aab00000, 0x00000007acb00000, 0x0000000800000000)
  eden space 17408K, 100% used [0x00000007aab00000,0x00000007abc00000,0x00000007abc00000)
  from space 2560K, 91% used [0x00000007ac880000,0x00000007acacc970,0x00000007acb00000)
  to   space 4096K, 0% used [0x00000007ac300000,0x00000007ac300000,0x00000007ac700000)
 ParOldGen       total 611328K, used 610140K [0x0000000700000000, 0x0000000725500000, 0x00000007aab00000)
  object space 611328K, 99% used [0x0000000700000000,0x00000007253d70b0,0x0000000725500000)
 Metaspace       used 56589K, committed 58048K, reserved 1114112K
  class space    used 6118K, committed 6784K, reserved 1048576K
}
Event: 38.409 GC heap after
{Heap after GC invocations=177 (full 2):
 PSYoungGen      total 21504K, used 4090K [0x00000007aab00000, 0x00000007add00000, 0x0000000800000000)
  eden space 17408K, 0% used [0x00000007aab00000,0x00000007aab00000,0x00000007abc00000)
  from space 4096K, 99% used [0x00000007ac300000,0x00000007ac6feb80,0x00000007ac700000)
  to   space 16896K, 0% used [0x00000007acc80000,0x00000007acc80000,0x00000007add00000)
 ParOldGen       total 620544K, used 620537K [0x0000000700000000, 0x0000000725e00000, 0x00000007aab00000)
  object space 620544K, 99% used [0x0000000700000000,0x0000000725dfe610,0x0000000725e00000)
 Metaspace       used 56589K, committed 58048K, reserved 1114112K
  class space    used 6118K, committed 6784K, reserved 1048576K
}
Event: 38.608 GC heap before
{Heap before GC invocations=178 (full 2):
 PSYoungGen      total 21504K, used 21498K [0x00000007aab00000, 0x00000007add00000, 0x0000000800000000)
  eden space 17408K, 100% used [0x00000007aab00000,0x00000007abc00000,0x00000007abc00000)
  from space 4096K, 99% used [0x00000007ac300000,0x00000007ac6feb80,0x00000007ac700000)
  to   space 16896K, 0% used [0x00000007acc80000,0x00000007acc80000,0x00000007add00000)
 ParOldGen       total 620544K, used 620537K [0x0000000700000000, 0x0000000725e00000, 0x00000007aab00000)
  object space 620544K, 99% used [0x0000000700000000,0x0000000725dfe610,0x0000000725e00000)
 Metaspace       used 56589K, committed 58048K, reserved 1114112K
  class space    used 6118K, committed 6784K, reserved 1048576K
}
Event: 38.619 GC heap after
{Heap after GC invocations=178 (full 2):
 PSYoungGen      total 28160K, used 10518K [0x00000007aab00000, 0x00000007ad700000, 0x0000000800000000)
  eden space 17408K, 0% used [0x00000007aab00000,0x00000007aab00000,0x00000007abc00000)
  from space 10752K, 97% used [0x00000007acc80000,0x00000007ad6c5a48,0x00000007ad700000)
  to   space 12288K, 0% used [0x00000007abf00000,0x00000007abf00000,0x00000007acb00000)
 ParOldGen       total 624128K, used 624008K [0x0000000700000000, 0x0000000726180000, 0x00000007aab00000)
  object space 624128K, 99% used [0x0000000700000000,0x0000000726162168,0x0000000726180000)
 Metaspace       used 56589K, committed 58048K, reserved 1114112K
  class space    used 6118K, committed 6784K, reserved 1048576K
}
Event: 38.698 GC heap before
{Heap before GC invocations=179 (full 2):
 PSYoungGen      total 28160K, used 27653K [0x00000007aab00000, 0x00000007ad700000, 0x0000000800000000)
  eden space 17408K, 98% used [0x00000007aab00000,0x00000007abbbbae0,0x00000007abc00000)
  from space 10752K, 97% used [0x00000007acc80000,0x00000007ad6c5a48,0x00000007ad700000)
  to   space 12288K, 0% used [0x00000007abf00000,0x00000007abf00000,0x00000007acb00000)
 ParOldGen       total 624128K, used 624008K [0x0000000700000000, 0x0000000726180000, 0x00000007aab00000)
  object space 624128K, 99% used [0x0000000700000000,0x0000000726162168,0x0000000726180000)
 Metaspace       used 56591K, committed 58048K, reserved 1114112K
  class space    used 6118K, committed 6784K, reserved 1048576K
}
Event: 38.712 GC heap after
{Heap after GC invocations=179 (full 2):
 PSYoungGen      total 27136K, used 9545K [0x00000007aab00000, 0x00000007ad000000, 0x0000000800000000)
  eden space 17408K, 0% used [0x00000007aab00000,0x00000007aab00000,0x00000007abc00000)
  from space 9728K, 98% used [0x00000007abf00000,0x00000007ac852448,0x00000007ac880000)
  to   space 7680K, 0% used [0x00000007ac880000,0x00000007ac880000,0x00000007ad000000)
 ParOldGen       total 633344K, used 632912K [0x0000000700000000, 0x0000000726a80000, 0x00000007aab00000)
  object space 633344K, 99% used [0x0000000700000000,0x0000000726a14168,0x0000000726a80000)
 Metaspace       used 56591K, committed 58048K, reserved 1114112K
  class space    used 6118K, committed 6784K, reserved 1048576K
}
Event: 38.748 GC heap before
{Heap before GC invocations=180 (full 2):
 PSYoungGen      total 27136K, used 26396K [0x00000007aab00000, 0x00000007ad000000, 0x0000000800000000)
  eden space 17408K, 96% used [0x00000007aab00000,0x00000007abb74d08,0x00000007abc00000)
  from space 9728K, 98% used [0x00000007abf00000,0x00000007ac852448,0x00000007ac880000)
  to   space 7680K, 0% used [0x00000007ac880000,0x00000007ac880000,0x00000007ad000000)
 ParOldGen       total 633344K, used 632912K [0x0000000700000000, 0x0000000726a80000, 0x00000007aab00000)
  object space 633344K, 99% used [0x0000000700000000,0x0000000726a14168,0x0000000726a80000)
 Metaspace       used 56591K, committed 58048K, reserved 1114112K
  class space    used 6118K, committed 6784K, reserved 1048576K
}

Dll operation events (10 events):
Event: 0.017 Loaded shared library c:\Users\Administrator\.vscode\extensions\redhat.java-1.52.0-win32-x64\jre\21.0.9-win32-x86_64\bin\java.dll
Event: 0.058 Loaded shared library c:\Users\Administrator\.vscode\extensions\redhat.java-1.52.0-win32-x64\jre\21.0.9-win32-x86_64\bin\zip.dll
Event: 0.172 Loaded shared library C:\Users\Administrator\.vscode\extensions\redhat.java-1.52.0-win32-x64\jre\21.0.9-win32-x86_64\bin\instrument.dll
Event: 0.185 Loaded shared library C:\Users\Administrator\.vscode\extensions\redhat.java-1.52.0-win32-x64\jre\21.0.9-win32-x86_64\bin\net.dll
Event: 0.189 Loaded shared library C:\Users\Administrator\.vscode\extensions\redhat.java-1.52.0-win32-x64\jre\21.0.9-win32-x86_64\bin\nio.dll
Event: 0.194 Loaded shared library C:\Users\Administrator\.vscode\extensions\redhat.java-1.52.0-win32-x64\jre\21.0.9-win32-x86_64\bin\zip.dll
Event: 0.216 Loaded shared library C:\Users\Administrator\.vscode\extensions\redhat.java-1.52.0-win32-x64\jre\21.0.9-win32-x86_64\bin\jimage.dll
Event: 0.328 Loaded shared library c:\Users\Administrator\.vscode\extensions\redhat.java-1.52.0-win32-x64\jre\21.0.9-win32-x86_64\bin\verify.dll
Event: 3.642 Loaded shared library C:\Users\Administrator\AppData\Roaming\Code\User\globalStorage\redhat.java\1.52.0\config_win\org.eclipse.equinox.launcher\org.eclipse.equinox.launcher.win32.win32.x86_64_1.2.1500.v20260121-1430\eclipse_11919.dll
Event: 6.822 Loaded shared library C:\Users\Administrator\AppData\Local\Temp\1\jna-146731693\jna1449937738775044630.dll

Deoptimization events (20 events):
Event: 38.627 Thread 0x0000027bf1b95560 DEOPT PACKING pc=0x0000027bcff3bfc7 sp=0x000000c40b5fde90
Event: 38.627 Thread 0x0000027bf1b95560 DEOPT UNPACKING pc=0x0000027bd6414242 sp=0x000000c40b5fd3a8 mode 0
Event: 38.628 Thread 0x0000027bf1b95560 DEOPT PACKING pc=0x0000027bcff3bfc7 sp=0x000000c40b5fde90
Event: 38.628 Thread 0x0000027bf1b95560 DEOPT UNPACKING pc=0x0000027bd6414242 sp=0x000000c40b5fd3a8 mode 0
Event: 38.630 Thread 0x0000027bf1b95560 DEOPT PACKING pc=0x0000027bcff3c840 sp=0x000000c40b5fde90
Event: 38.630 Thread 0x0000027bf1b95560 DEOPT UNPACKING pc=0x0000027bd6414242 sp=0x000000c40b5fd3b0 mode 0
Event: 38.632 Thread 0x0000027bf1b95560 DEOPT PACKING pc=0x0000027bcff3bfc7 sp=0x000000c40b5fde90
Event: 38.632 Thread 0x0000027bf1b95560 DEOPT UNPACKING pc=0x0000027bd6414242 sp=0x000000c40b5fd3a8 mode 0
Event: 38.684 Thread 0x0000027bf1b95560 Uncommon trap: trap_request=0xffffff45 fr.pc=0x0000027bd6f696cc relative=0x0000000000001aec
Event: 38.685 Thread 0x0000027bf1b95560 Uncommon trap: reason=unstable_if action=reinterpret pc=0x0000027bd6f696cc method=org.eclipse.jdt.internal.compiler.parser.Scanner.jumpOverMethodBody()V @ 414 c2
Event: 38.686 Thread 0x0000027bf1b95560 DEOPT PACKING pc=0x0000027bd6f696cc sp=0x000000c40b5fdf30
Event: 38.686 Thread 0x0000027bf1b95560 DEOPT UNPACKING pc=0x0000027bd6413aa2 sp=0x000000c40b5fdeb0 mode 2
Event: 38.686 Thread 0x0000027bf1b95560 Uncommon trap: trap_request=0xffffff45 fr.pc=0x0000027bd6f5a4b8 relative=0x0000000000001b58
Event: 38.686 Thread 0x0000027bf1b95560 Uncommon trap: reason=unstable_if action=reinterpret pc=0x0000027bd6f5a4b8 method=org.eclipse.jdt.internal.compiler.parser.Scanner.jumpOverMethodBody()V @ 414 c2
Event: 38.687 Thread 0x0000027bf1b95560 DEOPT PACKING pc=0x0000027bd6f5a4b8 sp=0x000000c40b5fdf30
Event: 38.687 Thread 0x0000027bf1b95560 DEOPT UNPACKING pc=0x0000027bd6413aa2 sp=0x000000c40b5fdeb0 mode 2
Event: 38.689 Thread 0x0000027bf1b95560 Uncommon trap: trap_request=0xffffff45 fr.pc=0x0000027bd6eae640 relative=0x0000000000002a40
Event: 38.689 Thread 0x0000027bf1b95560 Uncommon trap: reason=unstable_if action=reinterpret pc=0x0000027bd6eae640 method=org.eclipse.jdt.internal.compiler.SourceElementParser.endParse(I)Lorg/eclipse/jdt/internal/compiler/ast/CompilationUnitDeclaration; @ 7 c2
Event: 38.689 Thread 0x0000027bf1b95560 DEOPT PACKING pc=0x0000027bd6eae640 sp=0x000000c40b5fdff0
Event: 38.689 Thread 0x0000027bf1b95560 DEOPT UNPACKING pc=0x0000027bd6413aa2 sp=0x000000c40b5fdf80 mode 2

Classes loaded (20 events):
Event: 33.396 Loading class sun/util/resources/cldr/TimeZoneNames
Event: 33.396 Loading class sun/util/resources/TimeZoneNamesBundle
Event: 33.397 Loading class sun/util/resources/OpenListResourceBundle
Event: 33.397 Loading class sun/util/resources/OpenListResourceBundle done
Event: 33.397 Loading class sun/util/resources/TimeZoneNamesBundle done
Event: 33.397 Loading class sun/util/resources/cldr/TimeZoneNames done
Event: 33.423 Loading class sun/util/resources/cldr/TimeZoneNames_en
Event: 33.425 Loading class sun/util/resources/cldr/TimeZoneNames_en done
Event: 33.425 Loading class sun/util/resources/cldr/TimeZoneNames_en_US
Event: 33.425 Loading class sun/util/resources/cldr/TimeZoneNames_en_US done
Event: 33.426 Loading class sun/util/cldr/CLDRBaseLocaleDataMetaInfo$TZCanonicalIDMapHolder
Event: 33.428 Loading class sun/util/cldr/CLDRBaseLocaleDataMetaInfo$TZCanonicalIDMapHolder done
Event: 33.440 Loading class sun/util/resources/TimeZoneNames
Event: 33.445 Loading class sun/util/resources/TimeZoneNames done
Event: 33.446 Loading class sun/util/resources/TimeZoneNames_en
Event: 33.446 Loading class sun/util/resources/TimeZoneNames_en done
Event: 37.775 Loading class java/nio/charset/CharacterCodingException
Event: 37.775 Loading class java/nio/charset/CharacterCodingException done
Event: 37.776 Loading class java/io/SequenceInputStream
Event: 37.777 Loading class java/io/SequenceInputStream done

Classes unloaded (7 events):
Event: 7.875 Thread 0x0000027be70842e0 Unloading class 0x0000027b811a3c00 'java/lang/invoke/LambdaForm$MH+0x0000027b811a3c00'
Event: 7.875 Thread 0x0000027be70842e0 Unloading class 0x0000027b811a3800 'java/lang/invoke/LambdaForm$MH+0x0000027b811a3800'
Event: 7.875 Thread 0x0000027be70842e0 Unloading class 0x0000027b811a3400 'java/lang/invoke/LambdaForm$MH+0x0000027b811a3400'
Event: 7.875 Thread 0x0000027be70842e0 Unloading class 0x0000027b811a3000 'java/lang/invoke/LambdaForm$MH+0x0000027b811a3000'
Event: 7.875 Thread 0x0000027be70842e0 Unloading class 0x0000027b811a2c00 'java/lang/invoke/LambdaForm$BMH+0x0000027b811a2c00'
Event: 7.875 Thread 0x0000027be70842e0 Unloading class 0x0000027b811a2800 'java/lang/invoke/LambdaForm$DMH+0x0000027b811a2800'
Event: 7.875 Thread 0x0000027be70842e0 Unloading class 0x0000027b811a1800 'java/lang/invoke/LambdaForm$DMH+0x0000027b811a1800'

Classes redefined (0 events):
No events

Internal exceptions (20 events):
Event: 37.490 Thread 0x0000027bf1b95560 Implicit null exception at 0x0000027bcffb4604 to 0x0000027bcffb60ae
Event: 37.490 Thread 0x0000027bf1b95560 Exception <a 'java/lang/NullPointerException'{0x00000007aae6d858}> (0x00000007aae6d858) 
thrown [s\src\hotspot\share\runtime\sharedRuntime.cpp, line 625]
Event: 37.490 Thread 0x0000027bf1b95560 Implicit null exception at 0x0000027bcffb4604 to 0x0000027bcffb60ae
Event: 37.490 Thread 0x0000027bf1b95560 Exception <a 'java/lang/NullPointerException'{0x00000007aae7fa80}> (0x00000007aae7fa80) 
thrown [s\src\hotspot\share\runtime\sharedRuntime.cpp, line 625]
Event: 37.491 Thread 0x0000027bf1b95560 Implicit null exception at 0x0000027bcffb4604 to 0x0000027bcffb60ae
Event: 37.491 Thread 0x0000027bf1b95560 Exception <a 'java/lang/NullPointerException'{0x00000007aae94080}> (0x00000007aae94080) 
thrown [s\src\hotspot\share\runtime\sharedRuntime.cpp, line 625]
Event: 37.491 Thread 0x0000027bf1b95560 Implicit null exception at 0x0000027bcffb4604 to 0x0000027bcffb60ae
Event: 37.491 Thread 0x0000027bf1b95560 Exception <a 'java/lang/NullPointerException'{0x00000007aaea63f0}> (0x00000007aaea63f0) 
thrown [s\src\hotspot\share\runtime\sharedRuntime.cpp, line 625]
Event: 37.491 Thread 0x0000027bf1b95560 Implicit null exception at 0x0000027bcffb4604 to 0x0000027bcffb60ae
Event: 37.491 Thread 0x0000027bf1b95560 Exception <a 'java/lang/NullPointerException'{0x00000007aaeb8970}> (0x00000007aaeb8970) 
thrown [s\src\hotspot\share\runtime\sharedRuntime.cpp, line 625]
Event: 37.491 Thread 0x0000027bf1b95560 Implicit null exception at 0x0000027bcffb4604 to 0x0000027bcffb60ae
Event: 37.491 Thread 0x0000027bf1b95560 Exception <a 'java/lang/NullPointerException'{0x00000007aaecce90}> (0x00000007aaecce90) 
thrown [s\src\hotspot\share\runtime\sharedRuntime.cpp, line 625]
Event: 37.492 Thread 0x0000027bf1b95560 Implicit null exception at 0x0000027bcffb4604 to 0x0000027bcffb60ae
Event: 37.492 Thread 0x0000027bf1b95560 Exception <a 'java/lang/NullPointerException'{0x00000007aaee31f0}> (0x00000007aaee31f0) 
thrown [s\src\hotspot\share\runtime\sharedRuntime.cpp, line 625]
Event: 37.492 Thread 0x0000027bf1b95560 Implicit null exception at 0x0000027bcffb4604 to 0x0000027bcffb60ae
Event: 37.492 Thread 0x0000027bf1b95560 Exception <a 'java/lang/NullPointerException'{0x00000007aaef7950}> (0x00000007aaef7950) 
thrown [s\src\hotspot\share\runtime\sharedRuntime.cpp, line 625]
Event: 37.492 Thread 0x0000027bf1b95560 Implicit null exception at 0x0000027bcffb4604 to 0x0000027bcffb60ae
Event: 37.493 Thread 0x0000027bf1b95560 Exception <a 'java/lang/NullPointerException'{0x00000007aaf0d048}> (0x00000007aaf0d048) 
thrown [s\src\hotspot\share\runtime\sharedRuntime.cpp, line 625]
Event: 37.937 Thread 0x0000027bf1b95560 Exception <a 'java/io/FileNotFoundException'{0x00000007ab25b778}> (0x00000007ab25b778) 
thrown [s\src\hotspot\share\prims\jni.cpp, line 520]
Event: 37.938 Thread 0x0000027bf1b95560 Exception <a 'java/io/FileNotFoundException'{0x00000007ab25c9e0}> (0x00000007ab25c9e0) 
thrown [s\src\hotspot\share\prims\jni.cpp, line 520]

ZGC Phase Switch (0 events):
No events

VM Operations (20 events):
Event: 36.605 Executing VM operation: ParallelGCFailedAllocation (Allocation Failure) done
Event: 36.681 Executing VM operation: ParallelGCFailedAllocation (Allocation Failure)
Event: 36.709 Executing VM operation: ParallelGCFailedAllocation (Allocation Failure) done
Event: 36.795 Executing VM operation: ParallelGCFailedAllocation (Allocation Failure)
Event: 36.820 Executing VM operation: ParallelGCFailedAllocation (Allocation Failure) done
Event: 37.021 Executing VM operation: ParallelGCFailedAllocation (Allocation Failure)
Event: 37.037 Executing VM operation: ParallelGCFailedAllocation (Allocation Failure) done
Event: 37.204 Executing VM operation: ParallelGCFailedAllocation (Allocation Failure)
Event: 37.217 Executing VM operation: ParallelGCFailedAllocation (Allocation Failure) done
Event: 37.455 Executing VM operation: ParallelGCFailedAllocation (Allocation Failure)
Event: 37.469 Executing VM operation: ParallelGCFailedAllocation (Allocation Failure) done
Event: 38.074 Executing VM operation: ParallelGCFailedAllocation (Allocation Failure)
Event: 38.087 Executing VM operation: ParallelGCFailedAllocation (Allocation Failure) done
Event: 38.392 Executing VM operation: ParallelGCFailedAllocation (Allocation Failure)
Event: 38.409 Executing VM operation: ParallelGCFailedAllocation (Allocation Failure) done
Event: 38.608 Executing VM operation: ParallelGCFailedAllocation (Allocation Failure)
Event: 38.619 Executing VM operation: ParallelGCFailedAllocation (Allocation Failure) done
Event: 38.698 Executing VM operation: ParallelGCFailedAllocation (Allocation Failure)
Event: 38.712 Executing VM operation: ParallelGCFailedAllocation (Allocation Failure) done
Event: 38.748 Executing VM operation: ParallelGCFailedAllocation (Allocation Failure)

Memory protections (0 events):
No events

Nmethod flushes (20 events):
Event: 13.347 Thread 0x0000027be70842e0 flushing  nmethod 0x0000027bcf4bd390
Event: 13.347 Thread 0x0000027be70842e0 flushing  nmethod 0x0000027bcf4bdd10
Event: 13.347 Thread 0x0000027be70842e0 flushing  nmethod 0x0000027bcf4be610
Event: 13.347 Thread 0x0000027be70842e0 flushing  nmethod 0x0000027bcf4bf810
Event: 13.347 Thread 0x0000027be70842e0 flushing  nmethod 0x0000027bcf4c0010
Event: 13.347 Thread 0x0000027be70842e0 flushing  nmethod 0x0000027bcf4c0790
Event: 13.347 Thread 0x0000027be70842e0 flushing  nmethod 0x0000027bcf4c1110
Event: 13.347 Thread 0x0000027be70842e0 flushing  nmethod 0x0000027bcf4c2b10
Event: 13.347 Thread 0x0000027be70842e0 flushing  nmethod 0x0000027bcf4c4490
Event: 13.347 Thread 0x0000027be70842e0 flushing  nmethod 0x0000027bcf4cfa10
Event: 13.347 Thread 0x0000027be70842e0 flushing  nmethod 0x0000027bcf4d1990
Event: 13.347 Thread 0x0000027be70842e0 flushing  nmethod 0x0000027bcf4ebc10
Event: 13.347 Thread 0x0000027be70842e0 flushing  nmethod 0x0000027bcf4f3d90
Event: 13.348 Thread 0x0000027be70842e0 flushing  nmethod 0x0000027bcf504310
Event: 13.348 Thread 0x0000027be70842e0 flushing  nmethod 0x0000027bcf505090
Event: 13.348 Thread 0x0000027be70842e0 flushing  nmethod 0x0000027bcf543810
Event: 13.348 Thread 0x0000027be70842e0 flushing  nmethod 0x0000027bcf544a90
Event: 13.348 Thread 0x0000027be70842e0 flushing  nmethod 0x0000027bcf58e410
Event: 13.348 Thread 0x0000027be70842e0 flushing  nmethod 0x0000027bcf58e890
Event: 13.348 Thread 0x0000027be70842e0 flushing  nmethod 0x0000027bcf5a7610

Events (20 events):
Event: 15.033 Thread 0x0000027bf1810860 Thread added: 0x0000027bf180e100
Event: 15.035 Thread 0x0000027bf1810ef0 Thread added: 0x0000027bf180d3e0
Event: 15.036 Thread 0x0000027bf180e100 Thread added: 0x0000027bf1811580
Event: 15.046 Thread 0x0000027bf180d3e0 Thread added: 0x0000027bf180da70
Event: 15.048 Thread 0x0000027bf1811580 Thread added: 0x0000027bf180f4b0
Event: 15.049 Thread 0x0000027bf180da70 Thread added: 0x0000027bf1b97630
Event: 15.051 Thread 0x0000027bf180f4b0 Thread added: 0x0000027bf1b96280
Event: 15.052 Thread 0x0000027bf180e100 Thread added: 0x0000027bf1b906a0
Event: 15.646 Thread 0x0000027bcbc86ad0 Thread added: 0x0000027bf1b97cc0
Event: 15.647 Thread 0x0000027bcbc86ad0 Thread added: 0x0000027bf1b95560
Event: 19.273 Thread 0x0000027be90f5cf0 Thread exited: 0x0000027be90f5cf0
Event: 19.769 Thread 0x0000027be90f4f50 Thread added: 0x0000027be90f63c0
Event: 36.911 Thread 0x0000027be90f63c0 Thread exited: 0x0000027be90f63c0
Event: 36.911 Thread 0x0000027be90f5620 Thread exited: 0x0000027be90f5620
Event: 36.937 Thread 0x0000027be90e8780 Thread added: 0x0000027be90f63c0
Event: 37.057 Thread 0x0000027be90f4f50 Thread added: 0x0000027be90f3410
Event: 38.229 Thread 0x0000027be90f3410 Thread exited: 0x0000027be90f3410
Event: 38.256 Thread 0x0000027be90f63c0 Thread exited: 0x0000027be90f63c0
Event: 38.273 Thread 0x0000027be90e8780 Thread added: 0x0000027be90f5620
Event: 38.280 Thread 0x0000027be90f5620 Thread added: 0x0000027be90f63c0


Dynamic libraries:
0x00007ff7b0ea0000 - 0x00007ff7b0eae000 	c:\Users\Administrator\.vscode\extensions\redhat.java-1.52.0-win32-x64\jre\21.0.9-win32-x86_64\bin\java.exe
0x00007ff8f5160000 - 0x00007ff8f5363000 	C:\WINDOWS\SYSTEM32\ntdll.dll
0x00007ff8f5060000 - 0x00007ff8f511c000 	C:\WINDOWS\System32\KERNEL32.DLL
0x00007ff8f2a50000 - 0x00007ff8f2dc1000 	C:\WINDOWS\System32\KERNELBASE.dll
0x00007ff8f2760000 - 0x00007ff8f2870000 	C:\WINDOWS\System32\ucrtbase.dll
0x00007ff8ee910000 - 0x00007ff8ee928000 	c:\Users\Administrator\.vscode\extensions\redhat.java-1.52.0-win32-x64\jre\21.0.9-win32-x86_64\bin\jli.dll
0x00007ff8f3a80000 - 0x00007ff8f3c26000 	C:\WINDOWS\System32\USER32.dll
0x00007ff8e27c0000 - 0x00007ff8e27de000 	c:\Users\Administrator\.vscode\extensions\redhat.java-1.52.0-win32-x64\jre\21.0.9-win32-x86_64\bin\VCRUNTIME140.dll
0x00007ff8f2dd0000 - 0x00007ff8f2df6000 	C:\WINDOWS\System32\win32u.dll
0x00007ff8f3eb0000 - 0x00007ff8f3edc000 	C:\WINDOWS\System32\GDI32.dll
0x00007ff8f2870000 - 0x00007ff8f298c000 	C:\WINDOWS\System32\gdi32full.dll
0x00007ff8d9220000 - 0x00007ff8d94c5000 	C:\WINDOWS\WinSxS\amd64_microsoft.windows.common-controls_6595b64144ccf1df_6.0.20348.4294_none_947bfbafeeecc1d8\COMCTL32.dll
0x00007ff8f3090000 - 0x00007ff8f3133000 	C:\WINDOWS\System32\msvcrt.dll
0x00007ff8f26c0000 - 0x00007ff8f2760000 	C:\WINDOWS\System32\msvcp_win.dll
0x00007ff8f32e0000 - 0x00007ff8f3311000 	C:\WINDOWS\System32\IMM32.DLL
0x00007ff8ee280000 - 0x00007ff8ee28c000 	c:\Users\Administrator\.vscode\extensions\redhat.java-1.52.0-win32-x64\jre\21.0.9-win32-x86_64\bin\vcruntime140_1.dll
0x00007ff8dc780000 - 0x00007ff8dc80d000 	c:\Users\Administrator\.vscode\extensions\redhat.java-1.52.0-win32-x64\jre\21.0.9-win32-x86_64\bin\msvcp140.dll
0x00007ff8beef0000 - 0x00007ff8bfc90000 	c:\Users\Administrator\.vscode\extensions\redhat.java-1.52.0-win32-x64\jre\21.0.9-win32-x86_64\bin\server\jvm.dll
0x00007ff8f4680000 - 0x00007ff8f4731000 	C:\WINDOWS\System32\ADVAPI32.dll
0x00007ff8f4550000 - 0x00007ff8f45f2000 	C:\WINDOWS\System32\sechost.dll
0x00007ff8f2f00000 - 0x00007ff8f2f27000 	C:\WINDOWS\System32\bcrypt.dll
0x00007ff8f4430000 - 0x00007ff8f4550000 	C:\WINDOWS\System32\RPCRT4.dll
0x00007ff8f4600000 - 0x00007ff8f4671000 	C:\WINDOWS\System32\WS2_32.dll
0x00007ff8f2590000 - 0x00007ff8f25dd000 	C:\WINDOWS\SYSTEM32\POWRPROF.dll
0x00007ff8eabf0000 - 0x00007ff8eac17000 	C:\WINDOWS\SYSTEM32\WINMM.dll
0x00007ff8eac20000 - 0x00007ff8eac2a000 	C:\WINDOWS\SYSTEM32\VERSION.dll
0x00007ff8f2570000 - 0x00007ff8f2583000 	C:\WINDOWS\SYSTEM32\UMPDC.dll
0x00007ff8f1120000 - 0x00007ff8f1137000 	C:\WINDOWS\SYSTEM32\kernel.appcore.dll
0x00007ff8ee250000 - 0x00007ff8ee25a000 	c:\Users\Administrator\.vscode\extensions\redhat.java-1.52.0-win32-x64\jre\21.0.9-win32-x86_64\bin\jimage.dll
0x00007ff8e54f0000 - 0x00007ff8e5710000 	C:\WINDOWS\SYSTEM32\DBGHELP.DLL
0x00007ff8e4f00000 - 0x00007ff8e4f30000 	C:\WINDOWS\SYSTEM32\dbgcore.DLL
0x00007ff8f2e80000 - 0x00007ff8f2eff000 	C:\WINDOWS\System32\bcryptPrimitives.dll
0x00007ff8edfb0000 - 0x00007ff8edfbf000 	c:\Users\Administrator\.vscode\extensions\redhat.java-1.52.0-win32-x64\jre\21.0.9-win32-x86_64\bin\instrument.dll
0x00007ff8de160000 - 0x00007ff8de180000 	c:\Users\Administrator\.vscode\extensions\redhat.java-1.52.0-win32-x64\jre\21.0.9-win32-x86_64\bin\java.dll
0x00007ff8f3320000 - 0x00007ff8f3a7b000 	C:\WINDOWS\System32\SHELL32.dll
0x00007ff8ec440000 - 0x00007ff8ecc85000 	C:\WINDOWS\SYSTEM32\windows.storage.dll
0x00007ff8f3f70000 - 0x00007ff8f42e0000 	C:\WINDOWS\System32\combase.dll
0x00007ff8f4740000 - 0x00007ff8f482a000 	C:\WINDOWS\System32\SHCORE.dll
0x00007ff8f4ab0000 - 0x00007ff8f4b0f000 	C:\WINDOWS\System32\shlwapi.dll
0x00007ff8f25f0000 - 0x00007ff8f2611000 	C:\WINDOWS\SYSTEM32\profapi.dll
0x00007ff8de140000 - 0x00007ff8de158000 	c:\Users\Administrator\.vscode\extensions\redhat.java-1.52.0-win32-x64\jre\21.0.9-win32-x86_64\bin\zip.dll
0x00007ff8ede90000 - 0x00007ff8edea0000 	C:\Users\Administrator\.vscode\extensions\redhat.java-1.52.0-win32-x64\jre\21.0.9-win32-x86_64\bin\net.dll
0x00007ff8e7a40000 - 0x00007ff8e7b48000 	C:\WINDOWS\SYSTEM32\WINHTTP.dll
0x00007ff8f1bc0000 - 0x00007ff8f1c28000 	C:\WINDOWS\system32\mswsock.dll
0x00007ff8dc070000 - 0x00007ff8dc086000 	C:\Users\Administrator\.vscode\extensions\redhat.java-1.52.0-win32-x64\jre\21.0.9-win32-x86_64\bin\nio.dll
0x00007ff8ed630000 - 0x00007ff8ed640000 	c:\Users\Administrator\.vscode\extensions\redhat.java-1.52.0-win32-x64\jre\21.0.9-win32-x86_64\bin\verify.dll
0x00007ff8db560000 - 0x00007ff8db5a5000 	C:\Users\Administrator\AppData\Roaming\Code\User\globalStorage\redhat.java\1.52.0\config_win\org.eclipse.equinox.launcher\org.eclipse.equinox.launcher.win32.win32.x86_64_1.2.1500.v20260121-1430\eclipse_11919.dll
0x00007ff8f42e0000 - 0x00007ff8f4415000 	C:\WINDOWS\System32\ole32.dll
0x00007ff8f1e10000 - 0x00007ff8f1e2b000 	C:\WINDOWS\SYSTEM32\CRYPTSP.dll
0x00007ff8f1680000 - 0x00007ff8f16b8000 	C:\WINDOWS\system32\rsaenh.dll
0x00007ff8f1cc0000 - 0x00007ff8f1cee000 	C:\WINDOWS\SYSTEM32\USERENV.dll
0x00007ff8f1e30000 - 0x00007ff8f1e3c000 	C:\WINDOWS\SYSTEM32\CRYPTBASE.dll
0x00007ff8f18a0000 - 0x00007ff8f18cd000 	C:\WINDOWS\SYSTEM32\IPHLPAPI.DLL
0x00007ff8f49f0000 - 0x00007ff8f49f9000 	C:\WINDOWS\System32\NSI.dll
0x00007ff8d2530000 - 0x00007ff8d2579000 	C:\Users\Administrator\AppData\Local\Temp\1\jna-146731693\jna1449937738775044630.dll
0x00007ff8f3c30000 - 0x00007ff8f3c38000 	C:\WINDOWS\System32\PSAPI.DLL
0x00007ff8e86f0000 - 0x00007ff8e8709000 	C:\WINDOWS\SYSTEM32\dhcpcsvc6.DLL
0x00007ff8e8180000 - 0x00007ff8e819d000 	C:\WINDOWS\SYSTEM32\dhcpcsvc.DLL

JVMTI agents:
c:\Users\Administrator\.vscode\extensions\redhat.java-1.52.0-win32-x64\lombok\lombok-1.18.39-4050.jar path:c:\Users\Administrator\.vscode\extensions\redhat.java-1.52.0-win32-x64\jre\21.0.9-win32-x86_64\bin\instrument.dll, loaded, initialized, instrumentlib options:none

dbghelp: loaded successfully - version: 4.0.5 - missing functions: none
symbol engine: initialized successfully - sym options: 0x614 - pdb path: .;c:\Users\Administrator\.vscode\extensions\redhat.java-1.52.0-win32-x64\jre\21.0.9-win32-x86_64\bin;C:\WINDOWS\SYSTEM32;C:\WINDOWS\WinSxS\amd64_microsoft.windows.common-controls_6595b64144ccf1df_6.0.20348.4294_none_947bfbafeeecc1d8;c:\Users\Administrator\.vscode\extensions\redhat.java-1.52.0-win32-x64\jre\21.0.9-win32-x86_64\bin\server;C:\Users\Administrator\AppData\Roaming\Code\User\globalStorage\redhat.java\1.52.0\config_win\org.eclipse.equinox.launcher\org.eclipse.equinox.launcher.win32.win32.x86_64_1.2.1500.v20260121-1430;C:\Users\Administrator\AppData\Local\Temp\1\jna-146731693

VM Arguments:
jvm_args: --add-modules=ALL-SYSTEM --add-opens=java.base/java.util=ALL-UNNAMED --add-opens=java.base/java.lang=ALL-UNNAMED --add-opens=java.base/sun.nio.fs=ALL-UNNAMED -Declipse.application=org.eclipse.jdt.ls.core.id1 -Dosgi.bundles.defaultStartLevel=4 -Declipse.product=org.eclipse.jdt.ls.core.product -Djava.import.generatesMetadataFilesAtProjectRoot=false -DDetectVMInstallationsJob.disabled=true -Dfile.encoding=utf8 -XX:+UseParallelGC -XX:GCTimeRatio=4 -XX:AdaptiveSizePolicyWeight=90 -Dsun.zip.disableMemoryMapping=true -Xmx4G -Xms100m -Xlog:disable -javaagent:c:\Users\Administrator\.vscode\extensions\redhat.java-1.52.0-win32-x64\lombok\lombok-1.18.39-4050.jar -XX:+HeapDumpOnOutOfMemoryError -XX:HeapDumpPath=c:\Users\Administrator\AppData\Roaming\Code\User\workspaceStorage\1200d88fd9cd5f666c3c79f04c4c93d2\redhat.java -Daether.dependencyCollector.impl=bf 
java_command: c:\Users\Administrator\.vscode\extensions\redhat.java-1.52.0-win32-x64\server\plugins\org.eclipse.equinox.launcher_1.7.100.v20251111-0406.jar -configuration c:\Users\Administrator\AppData\Roaming\Code\User\globalStorage\redhat.java\1.52.0\config_win -data c:\Users\Administrator\AppData\Roaming\Code\User\workspaceStorage\1200d88fd9cd5f666c3c79f04c4c93d2\redhat.java\jdt_ws --pipe=\\.\pipe\lsp-1ff68b33a49d51194b703b7fefbe63d2-sock
java_class_path (initial): c:\Users\Administrator\.vscode\extensions\redhat.java-1.52.0-win32-x64\server\plugins\org.eclipse.equinox.launcher_1.7.100.v20251111-0406.jar
Launcher Type: SUN_STANDARD

[Global flags]
    uintx AdaptiveSizePolicyWeight                 = 90                                        {product} {command line}
     intx CICompilerCount                          = 4                                         {product} {ergonomic}
    uintx GCTimeRatio                              = 4                                         {product} {command line}
     bool HeapDumpOnOutOfMemoryError               = true                                   {manageable} {command line}
    ccstr HeapDumpPath                             = c:\Users\Administrator\AppData\Roaming\Code\User\workspaceStorage\1200d88fd9cd5f666c3c79f04c4c93d2\redhat.java         {manageable} {command line}
   size_t InitialHeapSize                          = 104857600                                 {product} {command line}
   size_t MaxHeapSize                              = 4294967296                                {product} {command line}
   size_t MaxNewSize                               = 1431306240                                {product} {ergonomic}
   size_t MinHeapDeltaBytes                        = 524288                                    {product} {ergonomic}
   size_t MinHeapSize                              = 104857600                                 {product} {command line}
   size_t NewSize                                  = 34603008                                  {product} {ergonomic}
    uintx NonNMethodCodeHeapSize                   = 5839372                                {pd product} {ergonomic}
    uintx NonProfiledCodeHeapSize                  = 122909434                              {pd product} {ergonomic}
   size_t OldSize                                  = 70254592                                  {product} {ergonomic}
    uintx ProfiledCodeHeapSize                     = 122909434                              {pd product} {ergonomic}
    uintx ReservedCodeCacheSize                    = 251658240                              {pd product} {ergonomic}
     bool SegmentedCodeCache                       = true                                      {product} {ergonomic}
   size_t SoftMaxHeapSize                          = 4294967296                             {manageable} {ergonomic}
     bool UseCompressedOops                        = true                           {product lp64_product} {ergonomic}
     bool UseLargePagesIndividualAllocation        = false                                  {pd product} {ergonomic}
     bool UseParallelGC                            = true                                      {product} {command line}

Logging:
Log output configuration:
 #0: stdout all=off uptime,level,tags foldmultilines=false
 #1: stderr all=off uptime,level,tags foldmultilines=false

Release file:
JAVA_VERSION="21.0.9" 
MODULES="java.base java.compiler java.datatransfer java.xml java.prefs java.desktop java.instrument java.logging java.management java.security.sasl java.naming java.rmi java.management.rmi java.net.http java.scripting java.security.jgss java.transaction.xa java.sql java.sql.rowset java.xml.crypto java.se java.smartcardio jdk.accessibility jdk.internal.jvmstat jdk.attach jdk.charsets jdk.internal.opt jdk.zipfs jdk.compiler jdk.crypto.ec jdk.crypto.cryptoki jdk.crypto.mscapi jdk.dynalink jdk.internal.ed jdk.editpad jdk.hotspot.agent jdk.httpserver jdk.internal.le jdk.internal.vm.ci jdk.internal.vm.compiler jdk.internal.vm.compiler.management jdk.jartool jdk.javadoc jdk.jcmd jdk.management jdk.management.agent jdk.jconsole jdk.jdeps jdk.jdwp.agent jdk.jdi jdk.jfr jdk.jshell jdk.jsobject jdk.jstatd jdk.localedata jdk.management.jfr jdk.naming.dns jdk.naming.rmi jdk.net jdk.nio.mapmode jdk.random jdk.sctp jdk.security.auth jdk.security.jgss jdk.unsupported jdk.unsupported.desktop jdk.xml.dom" 

Environment Variables:
JAVA_HOME=D:\Develop Program\Java\graalvm-jdk-25.0.2+10.1
PATH=C:\Program Files (x86)\Embarcadero\Studio\22.0\bin;C:\Users\Public\Documents\Embarcadero\Studio\22.0\Bpl;C:\Program Files (x86)\Embarcadero\Studio\22.0\bin64;C:\Users\Public\Documents\Embarcadero\Studio\22.0\Bpl\Win64;D:\Develop Program\Embarcadero\Studio\21.0\bin;D:\Develop Program\Embarcadero\Studio\21.0\bin64;C:\Program Files (x86)\Embarcadero\Studio\21.0\bin;C:\Users\Public\Documents\Embarcadero\Studio\21.0\Bpl;C:\Program Files (x86)\Embarcadero\Studio\21.0\bin64;C:\Users\Public\Documents\Embarcadero\Studio\21.0\Bpl\Win64;C:\WINDOWS\system32;C:\WINDOWS;C:\WINDOWS\System32\Wbem;C:\WINDOWS\System32\WindowsPowerShell\v1.0\;C:\WINDOWS\System32\OpenSSH\;C:\Program Files (x86)\Gpg4win\..\GnuPG\bin;D:\Develop Program\Git\cmd;C:\Program Files (x86)\MySQL\MySQL Server 5.1\bin;D:\Develop Program\Java\graalvm-jdk-25.0.2+10.1\bin;D:\Develop Program\Java\graalvm-jdk-25.0.2+10.1\jre\bin;D:\Develop Program\apache-maven\bin;;D:\Develop Program\nodejs\;D:\work\repository\nodejs\node_global;;D:\Develop Program\gradle\bin;D:\Develop Program\Microsoft VS Code\bin;D:\Develop Program\cmake\bin;D:\Develop Program\nvm;D:\user\nvm4w\nodejs;C:\Program Files (x86)\Windows Kits\10\Windows Performance Toolkit\;D:\Develop Program\TortoiseGit\bin;C:\Users\Administrator\.cargo\bin;C:\Users\Administrator\AppData\Local\Microsoft\WindowsApps;C:\Program Files\Bandizip\;%LOONG%;C:\Users\Administrator\AppData\Roaming\npm;D:\Develop Program\nvm;D:\user\nvm4w\nodejs;D:\Develop Program\Microsoft VS Code\bin
USERNAME=Administrator
OS=Windows_NT
PROCESSOR_IDENTIFIER=Intel64 Family 6 Model 183 Stepping 1, GenuineIntel
TMP=C:\Users\ADMINI~1\AppData\Local\Temp\1
TEMP=C:\Users\ADMINI~1\AppData\Local\Temp\1




Periodic native trim disabled

---------------  S Y S T E M  ---------------

OS:
 Windows Server 2022 , 64 bit Build 20348 (10.0.20348.4648)
OS uptime: 1 days 9:36 hours
VMWare virtualization detected

CPU: total 12 (initial active 12) (12 cores per cpu, 1 threads per core) family 6 model 183 stepping 1 microcode 0xffffffff, cx8, cmov, fxsr, mmx, 3dnowpref, sse, sse2, sse3, ssse3, sse4.1, sse4.2, popcnt, lzcnt, tsc, tscinvbit, avx, avx2, aes, erms, clmul, bmi1, bmi2, adx, sha, fma, vzeroupper, clflush, clflushopt, clwb, hv, serialize, rdtscp, rdpid, fsrm, f16c
Processor Information for the first 12 processors :
  Max Mhz: 3418, Current Mhz: 3418, Mhz Limit: 3418

Memory: 4k page, system-wide physical 16383M (1697M free)
TotalPageFile size 22679M (AvailPageFile size 17M)
current process WorkingSet (physical memory assigned to process): 866M, peak: 866M
current process commit charge ("private bytes"): 1011M, peak: 3122M

vm_info: OpenJDK 64-Bit Server VM (21.0.9+10-LTS) for windows-amd64 JRE (21.0.9+10-LTS), built on 2025-10-21T00:00:00Z by "admin" with unknown MS VC++:1942

END.
